// Jest Snapshot v1, https://goo.gl/fbAQLP

exports[`VersionsListComponent should match snapshot 1`] = `
<div>
  <div
    class="fr-col-12"
  >
    <div
      data-mockid="VersionComponent"
    />
    <div
      data-mockid="VersionComponent"
    />
    <div
      data-mockid="VersionComponent"
    />
  </div>
</div>
`;
